<html><body style="border: 3px solid #555555; background: first body color; margin: 0; padding: 0;"><h1 style="text-align: center; font-size: 30px; color: #333333;">first random text</h1><div style="text-align: center"><a style="color: #555555;" href="command://stop">Stop</a> <a style="color: #555555;" href="command://reset">Reset</a> <a style="color: #555555;" href="command://quit">Quit</a> </div></body></html>
<html><body style="border: 3px solid #555555; background: second body color; margin: 0; padding: 0;"><h1 style="text-align: center; font-size: 30px; color: #333333;">second random text</h1><div style="text-align: center"><a style="color: #555555;" href="command://start">Start</a> <a style="color: #555555;" href="command://quit">Quit</a> </div></body></html>